[2025-08-07 10:22:19,360] INFO:dr5_dep2_probpt05_win10_edd.json
[2025-08-07 10:22:19,361] INFO:Running edd baseline for 1 trials.
[2025-08-07 10:22:19,724] INFO:[Depot 1] Drone dn1 assigned package pkg4, package delivery time 15, return time 30, package window (start, end, nominal) (np.float64(8.0), np.float64(16.0), 18)
[2025-08-07 10:22:19,725] INFO:[Depot 1] Drone dn2 assigned package pkg3, package delivery time 17, return time 34, package window (start, end, nominal) (np.float64(8.0), np.float64(15.0), 20)
[2025-08-07 10:22:19,725] INFO:[Depot 1] Drone dn3 assigned package pkg5, package delivery time 11, return time 22, package window (start, end, nominal) (np.float64(10.0), np.float64(19.0), 20)
[2025-08-07 10:22:19,725] INFO:[Depot 2] Drone dn4 assigned package pkg8, package delivery time 8.0, return time 10.0, package window (start, end, nominal) (np.float64(8.0), np.float64(14.0), 16)
[2025-08-07 10:22:19,725] INFO:[Depot 2] Drone dn5 assigned package pkg2, package delivery time 8.0, return time 9.0, package window (start, end, nominal) (np.float64(8.0), np.float64(17.0), 19)
[2025-08-07 10:22:19,725] DEBUG:[Time Step] Advancing to t=0.0
[2025-08-07 10:22:19,725] INFO:Drone dn1 has package pkg4 with true delivery 15 and return 30, the window is (np.float64(8.0), np.float64(16.0), 18)
[2025-08-07 10:22:19,725] INFO:Drone dn2 has package pkg3 with true delivery 17 and return 34, the window is (np.float64(8.0), np.float64(15.0), 20)
[2025-08-07 10:22:19,725] INFO:Drone dn3 has package pkg5 with true delivery 11 and return 22, the window is (np.float64(10.0), np.float64(19.0), 20)
[2025-08-07 10:22:19,725] INFO:Drone dn4 has package pkg8 with true delivery 8.0 and return 10.0, the window is (np.float64(8.0), np.float64(14.0), 16)
[2025-08-07 10:22:19,725] INFO:Drone dn5 has package pkg2 with true delivery 8.0 and return 9.0, the window is (np.float64(8.0), np.float64(17.0), 19)
[2025-08-07 10:22:19,725] DEBUG:[Time Step] Updated drone locations: 5 drones
[2025-08-07 10:22:19,725] DEBUG:[Time Step] Advancing to t=1.0
[2025-08-07 10:22:19,725] INFO:Drone dn1 has package pkg4 with true delivery 15 and return 30, the window is (np.float64(8.0), np.float64(16.0), 18)
[2025-08-07 10:22:19,725] INFO:Drone dn2 has package pkg3 with true delivery 17 and return 34, the window is (np.float64(8.0), np.float64(15.0), 20)
[2025-08-07 10:22:19,725] INFO:Drone dn3 has package pkg5 with true delivery 11 and return 22, the window is (np.float64(10.0), np.float64(19.0), 20)
[2025-08-07 10:22:19,725] INFO:Drone dn4 has package pkg8 with true delivery 8.0 and return 10.0, the window is (np.float64(8.0), np.float64(14.0), 16)
[2025-08-07 10:22:19,725] INFO:Drone dn5 has package pkg2 with true delivery 8.0 and return 9.0, the window is (np.float64(8.0), np.float64(17.0), 19)
[2025-08-07 10:22:19,725] DEBUG:[Time Step] Updated drone locations: 5 drones
[2025-08-07 10:22:19,725] DEBUG:[Time Step] Advancing to t=2.0
[2025-08-07 10:22:19,725] INFO:Drone dn1 has package pkg4 with true delivery 15 and return 30, the window is (np.float64(8.0), np.float64(16.0), 18)
[2025-08-07 10:22:19,725] INFO:Drone dn2 has package pkg3 with true delivery 17 and return 34, the window is (np.float64(8.0), np.float64(15.0), 20)
[2025-08-07 10:22:19,725] INFO:Drone dn3 has package pkg5 with true delivery 11 and return 22, the window is (np.float64(10.0), np.float64(19.0), 20)
[2025-08-07 10:22:19,725] INFO:Drone dn4 has package pkg8 with true delivery 8.0 and return 10.0, the window is (np.float64(8.0), np.float64(14.0), 16)
[2025-08-07 10:22:19,725] INFO:Drone dn5 has package pkg2 with true delivery 8.0 and return 9.0, the window is (np.float64(8.0), np.float64(17.0), 19)
[2025-08-07 10:22:19,725] DEBUG:[Time Step] Updated drone locations: 5 drones
[2025-08-07 10:22:19,726] DEBUG:[Time Step] Advancing to t=3.0
[2025-08-07 10:22:19,726] INFO:Drone dn1 has package pkg4 with true delivery 15 and return 30, the window is (np.float64(8.0), np.float64(16.0), 18)
[2025-08-07 10:22:19,726] INFO:Drone dn2 has package pkg3 with true delivery 17 and return 34, the window is (np.float64(8.0), np.float64(15.0), 20)
[2025-08-07 10:22:19,726] INFO:Drone dn3 has package pkg5 with true delivery 11 and return 22, the window is (np.float64(10.0), np.float64(19.0), 20)
[2025-08-07 10:22:19,726] INFO:Drone dn4 has package pkg8 with true delivery 8.0 and return 10.0, the window is (np.float64(8.0), np.float64(14.0), 16)
[2025-08-07 10:22:19,726] INFO:Drone dn5 has package pkg2 with true delivery 8.0 and return 9.0, the window is (np.float64(8.0), np.float64(17.0), 19)
[2025-08-07 10:22:19,726] DEBUG:[Time Step] Updated drone locations: 5 drones
[2025-08-07 10:22:19,726] DEBUG:[Time Step] Advancing to t=4.0
[2025-08-07 10:22:19,726] INFO:Drone dn1 has package pkg4 with true delivery 15 and return 30, the window is (np.float64(8.0), np.float64(16.0), 18)
[2025-08-07 10:22:19,726] INFO:Drone dn2 has package pkg3 with true delivery 17 and return 34, the window is (np.float64(8.0), np.float64(15.0), 20)
[2025-08-07 10:22:19,726] INFO:Drone dn3 has package pkg5 with true delivery 11 and return 22, the window is (np.float64(10.0), np.float64(19.0), 20)
[2025-08-07 10:22:19,726] INFO:Drone dn4 has package pkg8 with true delivery 8.0 and return 10.0, the window is (np.float64(8.0), np.float64(14.0), 16)
[2025-08-07 10:22:19,726] INFO:Drone dn5 has package pkg2 with true delivery 8.0 and return 9.0, the window is (np.float64(8.0), np.float64(17.0), 19)
[2025-08-07 10:22:19,726] DEBUG:[Time Step] Updated drone locations: 5 drones
[2025-08-07 10:22:19,726] DEBUG:[Time Step] Advancing to t=5.0
[2025-08-07 10:22:19,726] INFO:Drone dn1 has package pkg4 with true delivery 15 and return 30, the window is (np.float64(8.0), np.float64(16.0), 18)
[2025-08-07 10:22:19,726] INFO:Drone dn2 has package pkg3 with true delivery 17 and return 34, the window is (np.float64(8.0), np.float64(15.0), 20)
[2025-08-07 10:22:19,726] INFO:Drone dn3 has package pkg5 with true delivery 11 and return 22, the window is (np.float64(10.0), np.float64(19.0), 20)
[2025-08-07 10:22:19,726] INFO:Drone dn4 has package pkg8 with true delivery 8.0 and return 10.0, the window is (np.float64(8.0), np.float64(14.0), 16)
[2025-08-07 10:22:19,726] INFO:Drone dn5 has package pkg2 with true delivery 8.0 and return 9.0, the window is (np.float64(8.0), np.float64(17.0), 19)
[2025-08-07 10:22:19,726] DEBUG:[Time Step] Updated drone locations: 5 drones
[2025-08-07 10:22:19,726] DEBUG:[Time Step] Advancing to t=6.0
[2025-08-07 10:22:19,726] INFO:Drone dn1 has package pkg4 with true delivery 15 and return 30, the window is (np.float64(8.0), np.float64(16.0), 18)
[2025-08-07 10:22:19,726] INFO:Drone dn2 has package pkg3 with true delivery 17 and return 34, the window is (np.float64(8.0), np.float64(15.0), 20)
[2025-08-07 10:22:19,726] INFO:Drone dn3 has package pkg5 with true delivery 11 and return 22, the window is (np.float64(10.0), np.float64(19.0), 20)
[2025-08-07 10:22:19,726] INFO:Drone dn4 has package pkg8 with true delivery 8.0 and return 10.0, the window is (np.float64(8.0), np.float64(14.0), 16)
[2025-08-07 10:22:19,726] INFO:Drone dn5 has package pkg2 with true delivery 8.0 and return 9.0, the window is (np.float64(8.0), np.float64(17.0), 19)
[2025-08-07 10:22:19,726] DEBUG:[Time Step] Updated drone locations: 5 drones
[2025-08-07 10:22:19,726] DEBUG:[Time Step] Advancing to t=7.0
[2025-08-07 10:22:19,726] INFO:Drone dn1 has package pkg4 with true delivery 15 and return 30, the window is (np.float64(8.0), np.float64(16.0), 18)
[2025-08-07 10:22:19,726] INFO:Drone dn2 has package pkg3 with true delivery 17 and return 34, the window is (np.float64(8.0), np.float64(15.0), 20)
[2025-08-07 10:22:19,726] INFO:Drone dn3 has package pkg5 with true delivery 11 and return 22, the window is (np.float64(10.0), np.float64(19.0), 20)
[2025-08-07 10:22:19,726] INFO:Drone dn4 has package pkg8 with true delivery 8.0 and return 10.0, the window is (np.float64(8.0), np.float64(14.0), 16)
[2025-08-07 10:22:19,726] INFO:[Delivery] t=8.0 | Drone dn4 delivered pkg pkg8 on time
[2025-08-07 10:22:19,726] DEBUG:sim done packagesPackage(delivery=LatLonCoords(lat=np.float64(37.746419003082046), lon=np.float64(-122.40830060980026)), time_window=(np.float64(8.0), np.float64(14.0)), approx_travel_times={})
[2025-08-07 10:22:19,727] DEBUG:[Delivery] t=8.0 | Drone dn4 delivered pkg pkg8 at 8.00, deadline=14.00, on_time=True
[2025-08-07 10:22:19,727] INFO:Drone dn5 has package pkg2 with true delivery 8.0 and return 9.0, the window is (np.float64(8.0), np.float64(17.0), 19)
[2025-08-07 10:22:19,727] INFO:[Delivery] t=8.0 | Drone dn5 delivered pkg pkg2 on time
[2025-08-07 10:22:19,727] DEBUG:sim done packagesPackage(delivery=LatLonCoords(lat=np.float64(37.74793880573911), lon=np.float64(-122.41549362388074)), time_window=(np.float64(8.0), np.float64(17.0)), approx_travel_times={})
[2025-08-07 10:22:19,727] DEBUG:[Delivery] t=8.0 | Drone dn5 delivered pkg pkg2 at 8.00, deadline=17.00, on_time=True
[2025-08-07 10:22:19,727] DEBUG:[Time Step] Updated drone locations: 5 drones
[2025-08-07 10:22:19,727] DEBUG:[Time Step] Advancing to t=8.0
[2025-08-07 10:22:19,727] INFO:Drone dn1 has package pkg4 with true delivery 15 and return 30, the window is (np.float64(8.0), np.float64(16.0), 18)
[2025-08-07 10:22:19,727] INFO:Drone dn2 has package pkg3 with true delivery 17 and return 34, the window is (np.float64(8.0), np.float64(15.0), 20)
[2025-08-07 10:22:19,727] INFO:Drone dn3 has package pkg5 with true delivery 11 and return 22, the window is (np.float64(10.0), np.float64(19.0), 20)
[2025-08-07 10:22:19,727] INFO:Drone dn4 has package pkg8 with true delivery 8.0 and return 10.0, the window is (np.float64(8.0), np.float64(14.0), 16)
[2025-08-07 10:22:19,727] INFO:Drone dn5 has package pkg2 with true delivery 8.0 and return 9.0, the window is (np.float64(8.0), np.float64(17.0), 19)
[2025-08-07 10:22:19,727] DEBUG:[Return] t=9.0 | Drone dn5 returned after delivering pkg2 at ret=9.00
[2025-08-07 10:22:19,727] DEBUG:[Time Step] Updated drone locations: 5 drones
[2025-08-07 10:22:19,727] INFO:[Depot 2] Drone dn5 assigned package pkg7, package delivery time 12, return time 15, package window (start, end, nominal) (np.float64(7.0), np.float64(15.0), 24)
[2025-08-07 10:22:19,727] DEBUG:[Time Step] Advancing to t=9.0
[2025-08-07 10:22:19,727] INFO:Drone dn1 has package pkg4 with true delivery 15 and return 30, the window is (np.float64(8.0), np.float64(16.0), 18)
[2025-08-07 10:22:19,727] INFO:Drone dn2 has package pkg3 with true delivery 17 and return 34, the window is (np.float64(8.0), np.float64(15.0), 20)
[2025-08-07 10:22:19,727] INFO:Drone dn3 has package pkg5 with true delivery 11 and return 22, the window is (np.float64(10.0), np.float64(19.0), 20)
[2025-08-07 10:22:19,727] INFO:Drone dn4 has package pkg8 with true delivery 8.0 and return 10.0, the window is (np.float64(8.0), np.float64(14.0), 16)
[2025-08-07 10:22:19,727] DEBUG:[Return] t=10.0 | Drone dn4 returned after delivering pkg8 at ret=10.00
[2025-08-07 10:22:19,727] INFO:Drone dn5 has package pkg7 with true delivery 12 and return 15, the window is (np.float64(7.0), np.float64(15.0), 24)
[2025-08-07 10:22:19,727] DEBUG:[Time Step] Updated drone locations: 5 drones
[2025-08-07 10:22:19,727] INFO:[Depot 2] Drone dn4 assigned package pkg6, package delivery time 23, return time 36, package window (start, end, nominal) (np.float64(9.0), np.float64(18.0), 27)
[2025-08-07 10:22:19,727] DEBUG:[Time Step] Advancing to t=10.0
[2025-08-07 10:22:19,727] INFO:Drone dn1 has package pkg4 with true delivery 15 and return 30, the window is (np.float64(8.0), np.float64(16.0), 18)
[2025-08-07 10:22:19,727] INFO:Drone dn2 has package pkg3 with true delivery 17 and return 34, the window is (np.float64(8.0), np.float64(15.0), 20)
[2025-08-07 10:22:19,728] INFO:Drone dn3 has package pkg5 with true delivery 11 and return 22, the window is (np.float64(10.0), np.float64(19.0), 20)
[2025-08-07 10:22:19,728] INFO:[Delivery] t=11.0 | Drone dn3 delivered pkg pkg5 on time
[2025-08-07 10:22:19,728] DEBUG:sim done packagesPackage(delivery=LatLonCoords(lat=np.float64(37.77310115152999), lon=np.float64(-122.46926442558446)), time_window=(np.float64(10.0), np.float64(19.0)), approx_travel_times={})
[2025-08-07 10:22:19,728] DEBUG:[Delivery] t=11.0 | Drone dn3 delivered pkg pkg5 at 11.00, deadline=19.00, on_time=True
[2025-08-07 10:22:19,728] INFO:Drone dn5 has package pkg7 with true delivery 12 and return 15, the window is (np.float64(7.0), np.float64(15.0), 24)
[2025-08-07 10:22:19,728] INFO:Drone dn4 has package pkg6 with true delivery 23 and return 36, the window is (np.float64(9.0), np.float64(18.0), 27)
[2025-08-07 10:22:19,728] DEBUG:[Time Step] Updated drone locations: 5 drones
[2025-08-07 10:22:19,728] DEBUG:[Time Step] Advancing to t=11.0
[2025-08-07 10:22:19,728] INFO:Drone dn1 has package pkg4 with true delivery 15 and return 30, the window is (np.float64(8.0), np.float64(16.0), 18)
[2025-08-07 10:22:19,728] INFO:Drone dn2 has package pkg3 with true delivery 17 and return 34, the window is (np.float64(8.0), np.float64(15.0), 20)
[2025-08-07 10:22:19,728] INFO:Drone dn3 has package pkg5 with true delivery 11 and return 22, the window is (np.float64(10.0), np.float64(19.0), 20)
[2025-08-07 10:22:19,728] INFO:Drone dn5 has package pkg7 with true delivery 12 and return 15, the window is (np.float64(7.0), np.float64(15.0), 24)
[2025-08-07 10:22:19,728] INFO:[Delivery] t=12.0 | Drone dn5 delivered pkg pkg7 on time
[2025-08-07 10:22:19,728] DEBUG:sim done packagesPackage(delivery=LatLonCoords(lat=np.float64(37.78617584084239), lon=np.float64(-122.39642928745718)), time_window=(np.float64(7.0), np.float64(15.0)), approx_travel_times={})
[2025-08-07 10:22:19,728] DEBUG:[Delivery] t=12.0 | Drone dn5 delivered pkg pkg7 at 12.00, deadline=15.00, on_time=True
[2025-08-07 10:22:19,728] INFO:Drone dn4 has package pkg6 with true delivery 23 and return 36, the window is (np.float64(9.0), np.float64(18.0), 27)
[2025-08-07 10:22:19,728] DEBUG:[Time Step] Updated drone locations: 5 drones
[2025-08-07 10:22:19,728] DEBUG:[Time Step] Advancing to t=12.0
[2025-08-07 10:22:19,728] INFO:Drone dn1 has package pkg4 with true delivery 15 and return 30, the window is (np.float64(8.0), np.float64(16.0), 18)
[2025-08-07 10:22:19,728] INFO:Drone dn2 has package pkg3 with true delivery 17 and return 34, the window is (np.float64(8.0), np.float64(15.0), 20)
[2025-08-07 10:22:19,728] INFO:Drone dn3 has package pkg5 with true delivery 11 and return 22, the window is (np.float64(10.0), np.float64(19.0), 20)
[2025-08-07 10:22:19,728] INFO:Drone dn5 has package pkg7 with true delivery 12 and return 15, the window is (np.float64(7.0), np.float64(15.0), 24)
[2025-08-07 10:22:19,728] INFO:Drone dn4 has package pkg6 with true delivery 23 and return 36, the window is (np.float64(9.0), np.float64(18.0), 27)
[2025-08-07 10:22:19,728] DEBUG:[Time Step] Updated drone locations: 5 drones
[2025-08-07 10:22:19,728] DEBUG:[Time Step] Advancing to t=13.0
[2025-08-07 10:22:19,728] INFO:Drone dn1 has package pkg4 with true delivery 15 and return 30, the window is (np.float64(8.0), np.float64(16.0), 18)
[2025-08-07 10:22:19,728] INFO:Drone dn2 has package pkg3 with true delivery 17 and return 34, the window is (np.float64(8.0), np.float64(15.0), 20)
[2025-08-07 10:22:19,728] INFO:Drone dn3 has package pkg5 with true delivery 11 and return 22, the window is (np.float64(10.0), np.float64(19.0), 20)
[2025-08-07 10:22:19,728] INFO:Drone dn5 has package pkg7 with true delivery 12 and return 15, the window is (np.float64(7.0), np.float64(15.0), 24)
[2025-08-07 10:22:19,728] INFO:Drone dn4 has package pkg6 with true delivery 23 and return 36, the window is (np.float64(9.0), np.float64(18.0), 27)
[2025-08-07 10:22:19,728] DEBUG:[Time Step] Updated drone locations: 5 drones
[2025-08-07 10:22:19,728] DEBUG:[Time Step] Advancing to t=14.0
[2025-08-07 10:22:19,728] INFO:Drone dn1 has package pkg4 with true delivery 15 and return 30, the window is (np.float64(8.0), np.float64(16.0), 18)
[2025-08-07 10:22:19,728] INFO:[Delivery] t=15.0 | Drone dn1 delivered pkg pkg4 on time
[2025-08-07 10:22:19,728] DEBUG:sim done packagesPackage(delivery=LatLonCoords(lat=np.float64(37.77297376531437), lon=np.float64(-122.48100030583758)), time_window=(np.float64(8.0), np.float64(16.0)), approx_travel_times={})
[2025-08-07 10:22:19,729] DEBUG:[Delivery] t=15.0 | Drone dn1 delivered pkg pkg4 at 15.00, deadline=16.00, on_time=True
[2025-08-07 10:22:19,729] INFO:Drone dn2 has package pkg3 with true delivery 17 and return 34, the window is (np.float64(8.0), np.float64(15.0), 20)
[2025-08-07 10:22:19,729] INFO:Drone dn3 has package pkg5 with true delivery 11 and return 22, the window is (np.float64(10.0), np.float64(19.0), 20)
[2025-08-07 10:22:19,729] INFO:Drone dn5 has package pkg7 with true delivery 12 and return 15, the window is (np.float64(7.0), np.float64(15.0), 24)
[2025-08-07 10:22:19,729] DEBUG:[Return] t=15.0 | Drone dn5 returned after delivering pkg7 at ret=15.00
[2025-08-07 10:22:19,729] INFO:Drone dn4 has package pkg6 with true delivery 23 and return 36, the window is (np.float64(9.0), np.float64(18.0), 27)
[2025-08-07 10:22:19,729] DEBUG:[Time Step] Updated drone locations: 5 drones
[2025-08-07 10:22:19,729] DEBUG:[Time Step] Advancing to t=15.0
[2025-08-07 10:22:19,729] INFO:Drone dn1 has package pkg4 with true delivery 15 and return 30, the window is (np.float64(8.0), np.float64(16.0), 18)
[2025-08-07 10:22:19,729] INFO:Drone dn2 has package pkg3 with true delivery 17 and return 34, the window is (np.float64(8.0), np.float64(15.0), 20)
[2025-08-07 10:22:19,729] INFO:Drone dn3 has package pkg5 with true delivery 11 and return 22, the window is (np.float64(10.0), np.float64(19.0), 20)
[2025-08-07 10:22:19,729] INFO:Drone dn4 has package pkg6 with true delivery 23 and return 36, the window is (np.float64(9.0), np.float64(18.0), 27)
[2025-08-07 10:22:19,729] DEBUG:[Time Step] Updated drone locations: 4 drones
[2025-08-07 10:22:19,729] DEBUG:[Time Step] Advancing to t=16.0
[2025-08-07 10:22:19,729] INFO:Drone dn1 has package pkg4 with true delivery 15 and return 30, the window is (np.float64(8.0), np.float64(16.0), 18)
[2025-08-07 10:22:19,729] INFO:Drone dn2 has package pkg3 with true delivery 17 and return 34, the window is (np.float64(8.0), np.float64(15.0), 20)
[2025-08-07 10:22:19,729] INFO:[Delivery] t=17.0 | Drone dn2 delivered pkg pkg3 late
[2025-08-07 10:22:19,729] DEBUG:sim done packagesPackage(delivery=LatLonCoords(lat=np.float64(37.779804506686716), lon=np.float64(-122.49454760697658)), time_window=(np.float64(8.0), np.float64(15.0)), approx_travel_times={})
[2025-08-07 10:22:19,729] DEBUG:[Delivery] t=17.0 | Drone dn2 delivered pkg pkg3 at 17.00, deadline=15.00, on_time=False
[2025-08-07 10:22:19,729] INFO:Drone dn3 has package pkg5 with true delivery 11 and return 22, the window is (np.float64(10.0), np.float64(19.0), 20)
[2025-08-07 10:22:19,729] INFO:Drone dn4 has package pkg6 with true delivery 23 and return 36, the window is (np.float64(9.0), np.float64(18.0), 27)
[2025-08-07 10:22:19,729] DEBUG:[Time Step] Updated drone locations: 4 drones
[2025-08-07 10:22:19,729] DEBUG:[Time Step] Advancing to t=17.0
[2025-08-07 10:22:19,729] INFO:Drone dn1 has package pkg4 with true delivery 15 and return 30, the window is (np.float64(8.0), np.float64(16.0), 18)
[2025-08-07 10:22:19,729] INFO:Drone dn2 has package pkg3 with true delivery 17 and return 34, the window is (np.float64(8.0), np.float64(15.0), 20)
[2025-08-07 10:22:19,729] INFO:Drone dn3 has package pkg5 with true delivery 11 and return 22, the window is (np.float64(10.0), np.float64(19.0), 20)
[2025-08-07 10:22:19,729] INFO:Drone dn4 has package pkg6 with true delivery 23 and return 36, the window is (np.float64(9.0), np.float64(18.0), 27)
[2025-08-07 10:22:19,729] DEBUG:[Expired] t=18.0 | Package pkg1 expired at 18.0
[2025-08-07 10:22:19,729] DEBUG:[Time Step] Updated drone locations: 4 drones
[2025-08-07 10:22:19,729] INFO:No active packages available. Skipping assignment.
[2025-08-07 10:22:19,729] DEBUG:[Time Step] Advancing to t=18.0
[2025-08-07 10:22:19,729] INFO:Drone dn1 has package pkg4 with true delivery 15 and return 30, the window is (np.float64(8.0), np.float64(16.0), 18)
[2025-08-07 10:22:19,729] INFO:Drone dn2 has package pkg3 with true delivery 17 and return 34, the window is (np.float64(8.0), np.float64(15.0), 20)
[2025-08-07 10:22:19,729] INFO:Drone dn3 has package pkg5 with true delivery 11 and return 22, the window is (np.float64(10.0), np.float64(19.0), 20)
[2025-08-07 10:22:19,730] INFO:Drone dn4 has package pkg6 with true delivery 23 and return 36, the window is (np.float64(9.0), np.float64(18.0), 27)
[2025-08-07 10:22:19,730] DEBUG:[Time Step] Updated drone locations: 4 drones
[2025-08-07 10:22:19,730] INFO:No active packages available. Skipping assignment.
[2025-08-07 10:22:19,730] DEBUG:[Time Step] Advancing to t=19.0
[2025-08-07 10:22:19,730] INFO:Drone dn1 has package pkg4 with true delivery 15 and return 30, the window is (np.float64(8.0), np.float64(16.0), 18)
[2025-08-07 10:22:19,730] INFO:Drone dn2 has package pkg3 with true delivery 17 and return 34, the window is (np.float64(8.0), np.float64(15.0), 20)
[2025-08-07 10:22:19,730] INFO:Drone dn3 has package pkg5 with true delivery 11 and return 22, the window is (np.float64(10.0), np.float64(19.0), 20)
[2025-08-07 10:22:19,730] INFO:Drone dn4 has package pkg6 with true delivery 23 and return 36, the window is (np.float64(9.0), np.float64(18.0), 27)
[2025-08-07 10:22:19,730] DEBUG:[Time Step] Updated drone locations: 4 drones
[2025-08-07 10:22:19,730] INFO:No active packages available. Skipping assignment.
[2025-08-07 10:22:19,730] DEBUG:[Time Step] Advancing to t=20.0
[2025-08-07 10:22:19,730] INFO:Drone dn1 has package pkg4 with true delivery 15 and return 30, the window is (np.float64(8.0), np.float64(16.0), 18)
[2025-08-07 10:22:19,730] INFO:Drone dn2 has package pkg3 with true delivery 17 and return 34, the window is (np.float64(8.0), np.float64(15.0), 20)
[2025-08-07 10:22:19,730] INFO:Drone dn3 has package pkg5 with true delivery 11 and return 22, the window is (np.float64(10.0), np.float64(19.0), 20)
[2025-08-07 10:22:19,730] INFO:Drone dn4 has package pkg6 with true delivery 23 and return 36, the window is (np.float64(9.0), np.float64(18.0), 27)
[2025-08-07 10:22:19,730] DEBUG:[Time Step] Updated drone locations: 4 drones
[2025-08-07 10:22:19,730] INFO:No active packages available. Skipping assignment.
[2025-08-07 10:22:19,730] DEBUG:[Time Step] Advancing to t=21.0
[2025-08-07 10:22:19,730] INFO:Drone dn1 has package pkg4 with true delivery 15 and return 30, the window is (np.float64(8.0), np.float64(16.0), 18)
[2025-08-07 10:22:19,730] INFO:Drone dn2 has package pkg3 with true delivery 17 and return 34, the window is (np.float64(8.0), np.float64(15.0), 20)
[2025-08-07 10:22:19,730] INFO:Drone dn3 has package pkg5 with true delivery 11 and return 22, the window is (np.float64(10.0), np.float64(19.0), 20)
[2025-08-07 10:22:19,730] DEBUG:[Return] t=22.0 | Drone dn3 returned after delivering pkg5 at ret=22.00
[2025-08-07 10:22:19,730] INFO:Drone dn4 has package pkg6 with true delivery 23 and return 36, the window is (np.float64(9.0), np.float64(18.0), 27)
[2025-08-07 10:22:19,730] DEBUG:[Time Step] Updated drone locations: 4 drones
[2025-08-07 10:22:19,730] INFO:No active packages available. Skipping assignment.
[2025-08-07 10:22:19,730] DEBUG:[Time Step] Advancing to t=22.0
[2025-08-07 10:22:19,730] INFO:Drone dn1 has package pkg4 with true delivery 15 and return 30, the window is (np.float64(8.0), np.float64(16.0), 18)
[2025-08-07 10:22:19,730] INFO:Drone dn2 has package pkg3 with true delivery 17 and return 34, the window is (np.float64(8.0), np.float64(15.0), 20)
[2025-08-07 10:22:19,730] INFO:Drone dn4 has package pkg6 with true delivery 23 and return 36, the window is (np.float64(9.0), np.float64(18.0), 27)
[2025-08-07 10:22:19,730] INFO:[Delivery] t=23.0 | Drone dn4 delivered pkg pkg6 late
[2025-08-07 10:22:19,730] DEBUG:sim done packagesPackage(delivery=LatLonCoords(lat=np.float64(37.71560464297584), lon=np.float64(-122.4048093933317)), time_window=(np.float64(9.0), np.float64(18.0)), approx_travel_times={})
[2025-08-07 10:22:19,730] DEBUG:[Delivery] t=23.0 | Drone dn4 delivered pkg pkg6 at 23.00, deadline=18.00, on_time=False
[2025-08-07 10:22:19,730] DEBUG:[Time Step] Updated drone locations: 3 drones
[2025-08-07 10:22:19,730] INFO:No active packages available. Skipping assignment.
[2025-08-07 10:22:19,730] DEBUG:[Time Step] Advancing to t=23.0
[2025-08-07 10:22:19,730] INFO:Drone dn1 has package pkg4 with true delivery 15 and return 30, the window is (np.float64(8.0), np.float64(16.0), 18)
[2025-08-07 10:22:19,730] INFO:Drone dn2 has package pkg3 with true delivery 17 and return 34, the window is (np.float64(8.0), np.float64(15.0), 20)
[2025-08-07 10:22:19,730] INFO:Drone dn4 has package pkg6 with true delivery 23 and return 36, the window is (np.float64(9.0), np.float64(18.0), 27)
[2025-08-07 10:22:19,730] DEBUG:[Time Step] Updated drone locations: 3 drones
[2025-08-07 10:22:19,730] INFO:No active packages available. Skipping assignment.
[2025-08-07 10:22:19,730] DEBUG:[Time Step] Advancing to t=24.0
[2025-08-07 10:22:19,731] INFO:Drone dn1 has package pkg4 with true delivery 15 and return 30, the window is (np.float64(8.0), np.float64(16.0), 18)
[2025-08-07 10:22:19,731] INFO:Drone dn2 has package pkg3 with true delivery 17 and return 34, the window is (np.float64(8.0), np.float64(15.0), 20)
[2025-08-07 10:22:19,731] INFO:Drone dn4 has package pkg6 with true delivery 23 and return 36, the window is (np.float64(9.0), np.float64(18.0), 27)
[2025-08-07 10:22:19,731] DEBUG:[Time Step] Updated drone locations: 3 drones
[2025-08-07 10:22:19,731] INFO:No active packages available. Skipping assignment.
[2025-08-07 10:22:19,731] DEBUG:[Time Step] Advancing to t=25.0
[2025-08-07 10:22:19,731] INFO:Drone dn1 has package pkg4 with true delivery 15 and return 30, the window is (np.float64(8.0), np.float64(16.0), 18)
[2025-08-07 10:22:19,731] INFO:Drone dn2 has package pkg3 with true delivery 17 and return 34, the window is (np.float64(8.0), np.float64(15.0), 20)
[2025-08-07 10:22:19,731] INFO:Drone dn4 has package pkg6 with true delivery 23 and return 36, the window is (np.float64(9.0), np.float64(18.0), 27)
[2025-08-07 10:22:19,731] DEBUG:[Time Step] Updated drone locations: 3 drones
[2025-08-07 10:22:19,731] INFO:No active packages available. Skipping assignment.
[2025-08-07 10:22:19,731] DEBUG:[Time Step] Advancing to t=26.0
[2025-08-07 10:22:19,731] INFO:Drone dn1 has package pkg4 with true delivery 15 and return 30, the window is (np.float64(8.0), np.float64(16.0), 18)
[2025-08-07 10:22:19,731] INFO:Drone dn2 has package pkg3 with true delivery 17 and return 34, the window is (np.float64(8.0), np.float64(15.0), 20)
[2025-08-07 10:22:19,731] INFO:Drone dn4 has package pkg6 with true delivery 23 and return 36, the window is (np.float64(9.0), np.float64(18.0), 27)
[2025-08-07 10:22:19,731] DEBUG:[Time Step] Updated drone locations: 3 drones
[2025-08-07 10:22:19,731] INFO:No active packages available. Skipping assignment.
[2025-08-07 10:22:19,731] DEBUG:[Time Step] Advancing to t=27.0
[2025-08-07 10:22:19,731] INFO:Drone dn1 has package pkg4 with true delivery 15 and return 30, the window is (np.float64(8.0), np.float64(16.0), 18)
[2025-08-07 10:22:19,731] INFO:Drone dn2 has package pkg3 with true delivery 17 and return 34, the window is (np.float64(8.0), np.float64(15.0), 20)
[2025-08-07 10:22:19,731] INFO:Drone dn4 has package pkg6 with true delivery 23 and return 36, the window is (np.float64(9.0), np.float64(18.0), 27)
[2025-08-07 10:22:19,731] DEBUG:[Time Step] Updated drone locations: 3 drones
[2025-08-07 10:22:19,731] INFO:No active packages available. Skipping assignment.
[2025-08-07 10:22:19,731] DEBUG:[Time Step] Advancing to t=28.0
[2025-08-07 10:22:19,731] INFO:Drone dn1 has package pkg4 with true delivery 15 and return 30, the window is (np.float64(8.0), np.float64(16.0), 18)
[2025-08-07 10:22:19,731] INFO:Drone dn2 has package pkg3 with true delivery 17 and return 34, the window is (np.float64(8.0), np.float64(15.0), 20)
[2025-08-07 10:22:19,731] INFO:Drone dn4 has package pkg6 with true delivery 23 and return 36, the window is (np.float64(9.0), np.float64(18.0), 27)
[2025-08-07 10:22:19,731] DEBUG:[Time Step] Updated drone locations: 3 drones
[2025-08-07 10:22:19,731] INFO:No active packages available. Skipping assignment.
[2025-08-07 10:22:19,731] DEBUG:[Time Step] Advancing to t=29.0
[2025-08-07 10:22:19,731] INFO:Drone dn1 has package pkg4 with true delivery 15 and return 30, the window is (np.float64(8.0), np.float64(16.0), 18)
[2025-08-07 10:22:19,731] DEBUG:[Return] t=30.0 | Drone dn1 returned after delivering pkg4 at ret=30.00
[2025-08-07 10:22:19,731] INFO:Drone dn2 has package pkg3 with true delivery 17 and return 34, the window is (np.float64(8.0), np.float64(15.0), 20)
[2025-08-07 10:22:19,731] INFO:Drone dn4 has package pkg6 with true delivery 23 and return 36, the window is (np.float64(9.0), np.float64(18.0), 27)
[2025-08-07 10:22:19,731] DEBUG:[Time Step] Updated drone locations: 3 drones
[2025-08-07 10:22:19,731] INFO:No active packages available. Skipping assignment.
[2025-08-07 10:22:19,731] DEBUG:[Time Step] Advancing to t=30.0
[2025-08-07 10:22:19,731] INFO:Drone dn2 has package pkg3 with true delivery 17 and return 34, the window is (np.float64(8.0), np.float64(15.0), 20)
[2025-08-07 10:22:19,731] INFO:Drone dn4 has package pkg6 with true delivery 23 and return 36, the window is (np.float64(9.0), np.float64(18.0), 27)
[2025-08-07 10:22:19,731] DEBUG:[Time Step] Updated drone locations: 2 drones
[2025-08-07 10:22:19,731] INFO:No active packages available. Skipping assignment.
[2025-08-07 10:22:19,731] DEBUG:[Time Step] Advancing to t=31.0
[2025-08-07 10:22:19,731] INFO:Drone dn2 has package pkg3 with true delivery 17 and return 34, the window is (np.float64(8.0), np.float64(15.0), 20)
[2025-08-07 10:22:19,731] INFO:Drone dn4 has package pkg6 with true delivery 23 and return 36, the window is (np.float64(9.0), np.float64(18.0), 27)
[2025-08-07 10:22:19,732] DEBUG:[Time Step] Updated drone locations: 2 drones
[2025-08-07 10:22:19,732] INFO:No active packages available. Skipping assignment.
[2025-08-07 10:22:19,732] DEBUG:[Time Step] Advancing to t=32.0
[2025-08-07 10:22:19,732] INFO:Drone dn2 has package pkg3 with true delivery 17 and return 34, the window is (np.float64(8.0), np.float64(15.0), 20)
[2025-08-07 10:22:19,732] INFO:Drone dn4 has package pkg6 with true delivery 23 and return 36, the window is (np.float64(9.0), np.float64(18.0), 27)
[2025-08-07 10:22:19,732] DEBUG:[Time Step] Updated drone locations: 2 drones
[2025-08-07 10:22:19,732] INFO:No active packages available. Skipping assignment.
[2025-08-07 10:22:19,732] DEBUG:[Time Step] Advancing to t=33.0
[2025-08-07 10:22:19,732] INFO:Drone dn2 has package pkg3 with true delivery 17 and return 34, the window is (np.float64(8.0), np.float64(15.0), 20)
[2025-08-07 10:22:19,732] DEBUG:[Return] t=34.0 | Drone dn2 returned after delivering pkg3 at ret=34.00
[2025-08-07 10:22:19,732] INFO:Drone dn4 has package pkg6 with true delivery 23 and return 36, the window is (np.float64(9.0), np.float64(18.0), 27)
[2025-08-07 10:22:19,732] DEBUG:[Time Step] Updated drone locations: 2 drones
[2025-08-07 10:22:19,732] INFO:No active packages available. Skipping assignment.
[2025-08-07 10:22:19,732] DEBUG:[Time Step] Advancing to t=34.0
[2025-08-07 10:22:19,732] INFO:Drone dn4 has package pkg6 with true delivery 23 and return 36, the window is (np.float64(9.0), np.float64(18.0), 27)
[2025-08-07 10:22:19,732] DEBUG:[Time Step] Updated drone locations: 1 drones
[2025-08-07 10:22:19,732] INFO:No active packages available. Skipping assignment.
[2025-08-07 10:22:19,732] DEBUG:[Time Step] Advancing to t=35.0
[2025-08-07 10:22:19,732] INFO:Drone dn4 has package pkg6 with true delivery 23 and return 36, the window is (np.float64(9.0), np.float64(18.0), 27)
[2025-08-07 10:22:19,732] DEBUG:[Return] t=36.0 | Drone dn4 returned after delivering pkg6 at ret=36.00
[2025-08-07 10:22:19,732] DEBUG:[Time Step] Updated drone locations: 1 drones
[2025-08-07 10:22:19,732] INFO:No active packages available. Skipping assignment.
[2025-08-07 10:22:19,732] DEBUG:[Time Step] Advancing to t=36.0
[2025-08-07 10:22:19,732] DEBUG:[Time Step] Updated drone locations: 0 drones
[2025-08-07 10:22:19,732] INFO:No active packages available. Skipping assignment.
[2025-08-07 10:22:19,732] DEBUG:[Time Step] Advancing to t=37.0
[2025-08-07 10:22:19,732] DEBUG:[Time Step] Updated drone locations: 0 drones
[2025-08-07 10:22:19,732] INFO:No active packages available. Skipping assignment.
[2025-08-07 10:22:19,732] DEBUG:[Time Step] Advancing to t=38.0
[2025-08-07 10:22:19,732] DEBUG:[Time Step] Updated drone locations: 0 drones
[2025-08-07 10:22:19,732] INFO:No active packages available. Skipping assignment.
[2025-08-07 10:22:19,732] DEBUG:[Time Step] Advancing to t=39.0
[2025-08-07 10:22:19,732] DEBUG:[Time Step] Updated drone locations: 0 drones
